Product: MDK-ARM Standard 5.10
Component: ARM Compiler 5.04 update 1 (build 49)
Tool: armlink [5040049]

==============================================================================

Section Cross References

    can.o(i.CANConfigureNetwork) refers to can.o(i.CANMessageSet) for CANMessageSet
    can.o(i.CANConfigureNetwork) refers to can.o(.bss) for .bss
    can.o(i.CANConfigureNetwork) refers to can.o(.data) for .data
    can.o(i.vCAN0Handler) refers to can.o(i.CANIntStatus) for CANIntStatus
    can.o(i.vCAN0Handler) refers to can.o(i.CANStatusGet) for CANStatusGet
    can.o(i.vCAN0Handler) refers to can.o(i.CANIntClear) for CANIntClear
    can.o(i.vCAN0Handler) refers to can.o(.data) for .data
    can.o(i.vCAN1Handler) refers to can.o(i.CANIntStatus) for CANIntStatus
    can.o(i.vCAN1Handler) refers to can.o(i.CANStatusGet) for CANStatusGet
    can.o(i.vCAN1Handler) refers to can.o(i.CANIntClear) for CANIntClear
    can.o(i.vCAN1Handler) refers to can.o(i.CANMessageGet) for CANMessageGet
    can.o(i.vCAN1Handler) refers to can.o(.data) for .data
    can.o(i.vCAN1Handler) refers to can.o(.bss) for .bss
    can.o(i.vCANConfig) refers to sysctl.o(i.SysCtlPeripheralEnable) for SysCtlPeripheralEnable
    can.o(i.vCANConfig) refers to gpio.o(i.GPIOPinConfigure) for GPIOPinConfigure
    can.o(i.vCANConfig) refers to gpio.o(i.GPIOPinTypeCAN) for GPIOPinTypeCAN
    can.o(i.vCANConfig) refers to can.o(i.CANInit) for CANInit
    can.o(i.vCANConfig) refers to sysctl.o(i.SysCtlClockGet) for SysCtlClockGet
    can.o(i.vCANConfig) refers to can.o(i.CANBitRateSet) for CANBitRateSet
    can.o(i.vCANConfig) refers to can.o(i.CANEnable) for CANEnable
    can.o(i.vCANConfig) refers to can.o(i.CANIntEnable) for CANIntEnable
    can.o(i.vCANConfig) refers to can.o(i.CANConfigureNetwork) for CANConfigureNetwork
    can.o(i.vCANConfig) refers to interrupt.o(i.IntEnable) for IntEnable
    can.o(i.vCANConfig) refers to can.o(.data) for .data
    can.o(i.vCANSend) refers to can.o(i.CANMessageSet) for CANMessageSet
    can.o(i.vCANSend) refers to can.o(.data) for .data
    can.o(i.vCANSend) refers to function.o(.data) for ulInport
    can.o(i.vCANSend) refers to can.o(.bss) for .bss
    function.o(i.vInput) refers to gpio.o(i.GPIOPinRead) for GPIOPinRead
    function.o(i.vInput) refers to function.o(.bss) for .bss
    function.o(i.vInput) refers to function.o(.data) for .data
    function.o(i.vOutput) refers to gpio.o(i.GPIOPinWrite) for GPIOPinWrite
    function.o(i.vOutput) refers to function.o(.data) for .data
    function.o(i.vPoll) refers to sysctl.o(i.SysCtlPeripheralReset) for SysCtlPeripheralReset
    function.o(i.vPoll) refers to can.o(i.vCANConfig) for vCANConfig
    function.o(i.vPoll) refers to function.o(i.vInput) for vInput
    function.o(i.vPoll) refers to function.o(i.vOutput) for vOutput
    function.o(i.vPoll) refers to uart4.o(i.vUART4Send) for vUART4Send
    function.o(i.vPoll) refers to can.o(i.vCANSend) for vCANSend
    function.o(i.vPoll) refers to can.o(.data) for ucCANBusoff
    function.o(i.vPoll) refers to function.o(.data) for .data
    function.o(i.vPoll) refers to uart4.o(.bss) for ucUART4FrameTx
    function.o(i.vSysTickTimerExpired) refers to function.o(.data) for .data
    main.o(i.main) refers to main.o(i.vHardwareConfig) for vHardwareConfig
    main.o(i.main) refers to function.o(i.vPoll) for vPoll
    main.o(i.main) refers to main.o(.data) for .data
    main.o(i.vHardwareConfig) refers to sysctl.o(i.SysCtlPeripheralEnable) for SysCtlPeripheralEnable
    main.o(i.vHardwareConfig) refers to gpio.o(i.GPIOPinTypeGPIOOutput) for GPIOPinTypeGPIOOutput
    main.o(i.vHardwareConfig) refers to gpio.o(i.GPIOPinTypeGPIOInput) for GPIOPinTypeGPIOInput
    main.o(i.vHardwareConfig) refers to gpio.o(i.GPIOPadConfigSet) for GPIOPadConfigSet
    main.o(i.vHardwareConfig) refers to gpio.o(i.GPIOPinWrite) for GPIOPinWrite
    main.o(i.vHardwareConfig) refers to can.o(i.vCANConfig) for vCANConfig
    main.o(i.vHardwareConfig) refers to uart4.o(i.vUART4Config) for vUART4Config
    main.o(i.vHardwareConfig) refers to sysclock.o(i.vSysTickConfig) for vSysTickConfig
    main.o(i.vHardwareConfig) refers to systick.o(i.SysTickEnable) for SysTickEnable
    main.o(i.vHardwareConfig) refers to interrupt.o(i.IntMasterEnable) for IntMasterEnable
    sysclock.o(i.vSysTickConfig) refers to systick.o(i.SysTickPeriodSet) for SysTickPeriodSet
    sysclock.o(i.vSysTickConfig) refers to systick.o(i.SysTickIntEnable) for SysTickIntEnable
    sysclock.o(i.vSysTickHandler) refers to function.o(i.vSysTickTimerExpired) for vSysTickTimerExpired
    startup_rvmdk.o(RESET) refers to startup_rvmdk.o(STACK) for StackMem
    startup_rvmdk.o(RESET) refers to sysclock.o(i.vSysTickHandler) for vSysTickHandler
    startup_rvmdk.o(RESET) refers to main.o(i.vWDTHandler) for vWDTHandler
    startup_rvmdk.o(RESET) refers to can.o(i.vCAN1Handler) for vCAN1Handler
    startup_rvmdk.o(RESET) refers to uart4.o(i.vUART4Handler) for vUART4Handler
    startup_rvmdk.o(RESET) refers to entry.o(.ARM.Collect$$$$00000000) for __main
    uart4.o(i.vUART4Config) refers to sysctl.o(i.SysCtlPeripheralEnable) for SysCtlPeripheralEnable
    uart4.o(i.vUART4Config) refers to gpio.o(i.GPIOPinTypeGPIOOutput) for GPIOPinTypeGPIOOutput
    uart4.o(i.vUART4Config) refers to gpio.o(i.GPIOPinWrite) for GPIOPinWrite
    uart4.o(i.vUART4Config) refers to gpio.o(i.GPIOPinTypeUART) for GPIOPinTypeUART
    uart4.o(i.vUART4Config) refers to gpio.o(i.GPIOPinConfigure) for GPIOPinConfigure
    uart4.o(i.vUART4Config) refers to sysctl.o(i.SysCtlClockGet) for SysCtlClockGet
    uart4.o(i.vUART4Config) refers to uart.o(i.UARTConfigSetExpClk) for UARTConfigSetExpClk
    uart4.o(i.vUART4Config) refers to uart.o(i.UARTEnable) for UARTEnable
    uart4.o(i.vUART4Config) refers to interrupt.o(i.IntEnable) for IntEnable
    uart4.o(i.vUART4Config) refers to uart.o(i.UARTIntEnable) for UARTIntEnable
    uart4.o(i.vUART4Config) refers to uart.o(i.UARTFIFOLevelSet) for UARTFIFOLevelSet
    uart4.o(i.vUART4Config) refers to uart4.o(.data) for .data
    uart4.o(i.vUART4Handler) refers to uart.o(i.UARTIntStatus) for UARTIntStatus
    uart4.o(i.vUART4Handler) refers to uart.o(i.UARTIntClear) for UARTIntClear
    uart4.o(i.vUART4Handler) refers to uart.o(i.UARTCharPutNonBlocking) for UARTCharPutNonBlocking
    uart4.o(i.vUART4Handler) refers to uart.o(i.UARTCharGetNonBlocking) for UARTCharGetNonBlocking
    uart4.o(i.vUART4Handler) refers to uart.o(i.UARTCharsAvail) for UARTCharsAvail
    uart4.o(i.vUART4Handler) refers to uart4.o(.data) for .data
    uart4.o(i.vUART4Handler) refers to uart4.o(.bss) for .bss
    uart4.o(i.vUART4PutString) refers to uart.o(i.UARTCharPut) for UARTCharPut
    uart4.o(i.vUART4Send) refers to gpio.o(i.GPIOPinWrite) for GPIOPinWrite
    uart4.o(i.vUART4Send) refers to uart.o(i.UARTCharPutNonBlocking) for UARTCharPutNonBlocking
    uart4.o(i.vUART4Send) refers to uart4.o(.data) for .data
    uart4.o(i.vUART4Send) refers to uart4.o(.bss) for .bss
    can.o(i.CANBitRateSet) refers to can.o(.constdata) for .constdata
    can.o(i.CANIntRegister) refers to interrupt.o(i.IntRegister) for IntRegister
    can.o(i.CANIntRegister) refers to interrupt.o(i.IntEnable) for IntEnable
    can.o(i.CANIntUnregister) refers to interrupt.o(i.IntDisable) for IntDisable
    can.o(i.CANIntUnregister) refers to interrupt.o(i.IntUnregister) for IntUnregister
    gpio.o(i.GPIOIntRegister) refers to gpio.o(i._GPIOIntNumberGet) for _GPIOIntNumberGet
    gpio.o(i.GPIOIntRegister) refers to interrupt.o(i.IntRegister) for IntRegister
    gpio.o(i.GPIOIntRegister) refers to interrupt.o(i.IntEnable) for IntEnable
    gpio.o(i.GPIOIntRegisterPin) refers to gpio.o(i._GPIOIntNumberGet) for _GPIOIntNumberGet
    gpio.o(i.GPIOIntRegisterPin) refers to interrupt.o(i.IntRegister) for IntRegister
    gpio.o(i.GPIOIntRegisterPin) refers to interrupt.o(i.IntEnable) for IntEnable
    gpio.o(i.GPIOIntUnregister) refers to gpio.o(i._GPIOIntNumberGet) for _GPIOIntNumberGet
    gpio.o(i.GPIOIntUnregister) refers to interrupt.o(i.IntDisable) for IntDisable
    gpio.o(i.GPIOIntUnregister) refers to interrupt.o(i.IntUnregister) for IntUnregister
    gpio.o(i.GPIOIntUnregisterPin) refers to gpio.o(i._GPIOIntNumberGet) for _GPIOIntNumberGet
    gpio.o(i.GPIOIntUnregisterPin) refers to interrupt.o(i.IntDisable) for IntDisable
    gpio.o(i.GPIOIntUnregisterPin) refers to interrupt.o(i.IntUnregister) for IntUnregister
    gpio.o(i.GPIOPinConfigure) refers to gpio.o(.constdata) for .constdata
    gpio.o(i.GPIOPinTypeADC) refers to gpio.o(i.GPIODirModeSet) for GPIODirModeSet
    gpio.o(i.GPIOPinTypeADC) refers to gpio.o(i.GPIOPadConfigSet) for GPIOPadConfigSet
    gpio.o(i.GPIOPinTypeCAN) refers to gpio.o(i.GPIODirModeSet) for GPIODirModeSet
    gpio.o(i.GPIOPinTypeCAN) refers to gpio.o(i.GPIOPadConfigSet) for GPIOPadConfigSet
    gpio.o(i.GPIOPinTypeComparator) refers to gpio.o(i.GPIODirModeSet) for GPIODirModeSet
    gpio.o(i.GPIOPinTypeComparator) refers to gpio.o(i.GPIOPadConfigSet) for GPIOPadConfigSet
    gpio.o(i.GPIOPinTypeComparatorOutput) refers to gpio.o(i.GPIODirModeSet) for GPIODirModeSet
    gpio.o(i.GPIOPinTypeComparatorOutput) refers to gpio.o(i.GPIOPadConfigSet) for GPIOPadConfigSet
    gpio.o(i.GPIOPinTypeDIVSCLK) refers to gpio.o(i.GPIODirModeSet) for GPIODirModeSet
    gpio.o(i.GPIOPinTypeDIVSCLK) refers to gpio.o(i.GPIOPadConfigSet) for GPIOPadConfigSet
    gpio.o(i.GPIOPinTypeEPI) refers to gpio.o(i.GPIODirModeSet) for GPIODirModeSet
    gpio.o(i.GPIOPinTypeEPI) refers to gpio.o(i.GPIOPadConfigSet) for GPIOPadConfigSet
    gpio.o(i.GPIOPinTypeEthernetLED) refers to gpio.o(i.GPIODirModeSet) for GPIODirModeSet
    gpio.o(i.GPIOPinTypeEthernetLED) refers to gpio.o(i.GPIOPadConfigSet) for GPIOPadConfigSet
    gpio.o(i.GPIOPinTypeEthernetMII) refers to gpio.o(i.GPIODirModeSet) for GPIODirModeSet
    gpio.o(i.GPIOPinTypeEthernetMII) refers to gpio.o(i.GPIOPadConfigSet) for GPIOPadConfigSet
    gpio.o(i.GPIOPinTypeGPIOInput) refers to gpio.o(i.GPIODirModeSet) for GPIODirModeSet
    gpio.o(i.GPIOPinTypeGPIOInput) refers to gpio.o(i.GPIOPadConfigSet) for GPIOPadConfigSet
    gpio.o(i.GPIOPinTypeGPIOOutput) refers to gpio.o(i.GPIOPadConfigSet) for GPIOPadConfigSet
    gpio.o(i.GPIOPinTypeGPIOOutput) refers to gpio.o(i.GPIODirModeSet) for GPIODirModeSet
    gpio.o(i.GPIOPinTypeGPIOOutputOD) refers to gpio.o(i.GPIOPadConfigSet) for GPIOPadConfigSet
    gpio.o(i.GPIOPinTypeGPIOOutputOD) refers to gpio.o(i.GPIODirModeSet) for GPIODirModeSet
    gpio.o(i.GPIOPinTypeHibernateRTCCLK) refers to gpio.o(i.GPIODirModeSet) for GPIODirModeSet
    gpio.o(i.GPIOPinTypeHibernateRTCCLK) refers to gpio.o(i.GPIOPadConfigSet) for GPIOPadConfigSet
    gpio.o(i.GPIOPinTypeI2C) refers to gpio.o(i.GPIODirModeSet) for GPIODirModeSet
    gpio.o(i.GPIOPinTypeI2C) refers to gpio.o(i.GPIOPadConfigSet) for GPIOPadConfigSet
    gpio.o(i.GPIOPinTypeI2CSCL) refers to gpio.o(i.GPIODirModeSet) for GPIODirModeSet
    gpio.o(i.GPIOPinTypeI2CSCL) refers to gpio.o(i.GPIOPadConfigSet) for GPIOPadConfigSet
    gpio.o(i.GPIOPinTypeLCD) refers to gpio.o(i.GPIODirModeSet) for GPIODirModeSet
    gpio.o(i.GPIOPinTypeLCD) refers to gpio.o(i.GPIOPadConfigSet) for GPIOPadConfigSet
    gpio.o(i.GPIOPinTypeOneWire) refers to gpio.o(i.GPIODirModeSet) for GPIODirModeSet
    gpio.o(i.GPIOPinTypeOneWire) refers to gpio.o(i.GPIOPadConfigSet) for GPIOPadConfigSet
    gpio.o(i.GPIOPinTypePWM) refers to gpio.o(i.GPIODirModeSet) for GPIODirModeSet
    gpio.o(i.GPIOPinTypePWM) refers to gpio.o(i.GPIOPadConfigSet) for GPIOPadConfigSet
    gpio.o(i.GPIOPinTypeQEI) refers to gpio.o(i.GPIODirModeSet) for GPIODirModeSet
    gpio.o(i.GPIOPinTypeQEI) refers to gpio.o(i.GPIOPadConfigSet) for GPIOPadConfigSet
    gpio.o(i.GPIOPinTypeSSI) refers to gpio.o(i.GPIODirModeSet) for GPIODirModeSet
    gpio.o(i.GPIOPinTypeSSI) refers to gpio.o(i.GPIOPadConfigSet) for GPIOPadConfigSet
    gpio.o(i.GPIOPinTypeTimer) refers to gpio.o(i.GPIODirModeSet) for GPIODirModeSet
    gpio.o(i.GPIOPinTypeTimer) refers to gpio.o(i.GPIOPadConfigSet) for GPIOPadConfigSet
    gpio.o(i.GPIOPinTypeTrace) refers to gpio.o(i.GPIODirModeSet) for GPIODirModeSet
    gpio.o(i.GPIOPinTypeTrace) refers to gpio.o(i.GPIOPadConfigSet) for GPIOPadConfigSet
    gpio.o(i.GPIOPinTypeUART) refers to gpio.o(i.GPIODirModeSet) for GPIODirModeSet
    gpio.o(i.GPIOPinTypeUART) refers to gpio.o(i.GPIOPadConfigSet) for GPIOPadConfigSet
    gpio.o(i.GPIOPinTypeUSBAnalog) refers to gpio.o(i.GPIODirModeSet) for GPIODirModeSet
    gpio.o(i.GPIOPinTypeUSBAnalog) refers to gpio.o(i.GPIOPadConfigSet) for GPIOPadConfigSet
    gpio.o(i.GPIOPinTypeUSBDigital) refers to gpio.o(i.GPIODirModeSet) for GPIODirModeSet
    gpio.o(i.GPIOPinTypeUSBDigital) refers to gpio.o(i.GPIOPadConfigSet) for GPIOPadConfigSet
    gpio.o(i.GPIOPinTypeWakeHigh) refers to gpio.o(i.GPIODirModeSet) for GPIODirModeSet
    gpio.o(i.GPIOPinTypeWakeHigh) refers to gpio.o(i.GPIOPadConfigSet) for GPIOPadConfigSet
    gpio.o(i.GPIOPinTypeWakeLow) refers to gpio.o(i.GPIODirModeSet) for GPIODirModeSet
    gpio.o(i.GPIOPinTypeWakeLow) refers to gpio.o(i.GPIOPadConfigSet) for GPIOPadConfigSet
    gpio.o(i._GPIOIntNumberGet) refers to gpio.o(.constdata) for .constdata
    interrupt.o(i.IntDisable) refers to interrupt.o(.constdata) for .constdata
    interrupt.o(i.IntEnable) refers to interrupt.o(.constdata) for .constdata
    interrupt.o(i.IntIsEnabled) refers to interrupt.o(.constdata) for .constdata
    interrupt.o(i.IntMasterDisable) refers to cpu.o(.emb_text) for CPUcpsid
    interrupt.o(i.IntMasterEnable) refers to cpu.o(.emb_text) for CPUcpsie
    interrupt.o(i.IntPendClear) refers to interrupt.o(.constdata) for .constdata
    interrupt.o(i.IntPendSet) refers to interrupt.o(.constdata) for .constdata
    interrupt.o(i.IntPriorityGet) refers to interrupt.o(.constdata) for .constdata
    interrupt.o(i.IntPriorityGroupingGet) refers to interrupt.o(.constdata) for .constdata
    interrupt.o(i.IntPriorityGroupingSet) refers to interrupt.o(.constdata) for .constdata
    interrupt.o(i.IntPriorityMaskGet) refers to cpu.o(.emb_text) for CPUbasepriGet
    interrupt.o(i.IntPriorityMaskSet) refers to cpu.o(.emb_text) for CPUbasepriSet
    interrupt.o(i.IntPrioritySet) refers to interrupt.o(.constdata) for .constdata
    interrupt.o(i.IntRegister) refers to interrupt.o(vtable) for vtable
    interrupt.o(i.IntUnregister) refers to interrupt.o(i._IntDefaultHandler) for _IntDefaultHandler
    interrupt.o(i.IntUnregister) refers to interrupt.o(vtable) for vtable
    sysctl.o(i.SysCtlClockFreqSet) refers to sysctl.o(.constdata) for .constdata
    sysctl.o(i.SysCtlClockGet) refers to sysctl.o(.constdata) for .constdata
    sysctl.o(i.SysCtlClockSet) refers to sysctl.o(.emb_text) for SysCtlDelay
    sysctl.o(i.SysCtlDeepSleep) refers to cpu.o(.emb_text) for CPUwfi
    sysctl.o(i.SysCtlIntRegister) refers to interrupt.o(i.IntRegister) for IntRegister
    sysctl.o(i.SysCtlIntRegister) refers to interrupt.o(i.IntEnable) for IntEnable
    sysctl.o(i.SysCtlIntUnregister) refers to interrupt.o(i.IntDisable) for IntDisable
    sysctl.o(i.SysCtlIntUnregister) refers to interrupt.o(i.IntUnregister) for IntUnregister
    sysctl.o(i.SysCtlSleep) refers to cpu.o(.emb_text) for CPUwfi
    sysctl.o(i.SysCtlVCOGet) refers to sysctl.o(.constdata) for .constdata
    systick.o(i.SysTickIntRegister) refers to interrupt.o(i.IntRegister) for IntRegister
    systick.o(i.SysTickIntUnregister) refers to interrupt.o(i.IntUnregister) for IntUnregister
    uart.o(i.UARTIntRegister) refers to interrupt.o(i.IntRegister) for IntRegister
    uart.o(i.UARTIntRegister) refers to interrupt.o(i.IntEnable) for IntEnable
    uart.o(i.UARTIntRegister) refers to uart.o(.constdata) for .constdata
    uart.o(i.UARTIntUnregister) refers to interrupt.o(i.IntDisable) for IntDisable
    uart.o(i.UARTIntUnregister) refers to interrupt.o(i.IntUnregister) for IntUnregister
    uart.o(i.UARTIntUnregister) refers to uart.o(.constdata) for .constdata
    entry.o(.ARM.Collect$$$$00000000) refers (Special) to entry10a.o(.ARM.Collect$$$$0000000D) for __rt_final_cpp
    entry.o(.ARM.Collect$$$$00000000) refers (Special) to entry11a.o(.ARM.Collect$$$$0000000F) for __rt_final_exit
    entry.o(.ARM.Collect$$$$00000000) refers (Special) to entry7b.o(.ARM.Collect$$$$00000008) for _main_clock
    entry.o(.ARM.Collect$$$$00000000) refers (Special) to entry8b.o(.ARM.Collect$$$$0000000A) for _main_cpp_init
    entry.o(.ARM.Collect$$$$00000000) refers (Special) to entry9a.o(.ARM.Collect$$$$0000000B) for _main_init
    entry.o(.ARM.Collect$$$$00000000) refers (Special) to entry5.o(.ARM.Collect$$$$00000004) for _main_scatterload
    entry.o(.ARM.Collect$$$$00000000) refers (Special) to entry2.o(.ARM.Collect$$$$00000001) for _main_stk
    entry2.o(.ARM.Collect$$$$00000001) refers to entry2.o(.ARM.Collect$$$$00002712) for __lit__00000000
    entry2.o(.ARM.Collect$$$$00002712) refers to startup_rvmdk.o(STACK) for __initial_sp
    entry2.o(__vectab_stack_and_reset_area) refers to startup_rvmdk.o(STACK) for __initial_sp
    entry2.o(__vectab_stack_and_reset_area) refers to entry.o(.ARM.Collect$$$$00000000) for __main
    entry5.o(.ARM.Collect$$$$00000004) refers to init.o(.text) for __scatterload
    entry9a.o(.ARM.Collect$$$$0000000B) refers to main.o(i.main) for main
    entry9b.o(.ARM.Collect$$$$0000000C) refers to main.o(i.main) for main
    init.o(.text) refers to entry5.o(.ARM.Collect$$$$00000004) for __main_after_scatterload


==============================================================================

Removing Unused input sections from the image.

    Removing can.o(i.vCAN0Handler), (52 bytes).
    Removing main.o(i.vWDTConfig), (2 bytes).
    Removing startup_rvmdk.o(HEAP), (0 bytes).
    Removing startup_rvmdk.o(.text), (0 bytes).
    Removing uart4.o(i.vUART4PutString), (28 bytes).
    Removing can.o(i.CANBitTimingGet), (42 bytes).
    Removing can.o(i.CANBitTimingSet), (106 bytes).
    Removing can.o(i.CANDisable), (10 bytes).
    Removing can.o(i.CANErrCntrGet), (22 bytes).
    Removing can.o(i.CANIntDisable), (10 bytes).
    Removing can.o(i.CANIntRegister), (108 bytes).
    Removing can.o(i.CANIntUnregister), (108 bytes).
    Removing can.o(i.CANMessageClear), (26 bytes).
    Removing can.o(i.CANRetryGet), (14 bytes).
    Removing can.o(i.CANRetrySet), (18 bytes).
    Removing gpio.o(i.GPIOADCTriggerDisable), (14 bytes).
    Removing gpio.o(i.GPIOADCTriggerEnable), (12 bytes).
    Removing gpio.o(i.GPIODMATriggerDisable), (14 bytes).
    Removing gpio.o(i.GPIODMATriggerEnable), (12 bytes).
    Removing gpio.o(i.GPIODirModeGet), (34 bytes).
    Removing gpio.o(i.GPIOIntClear), (6 bytes).
    Removing gpio.o(i.GPIOIntDisable), (14 bytes).
    Removing gpio.o(i.GPIOIntEnable), (12 bytes).
    Removing gpio.o(i.GPIOIntRegister), (26 bytes).
    Removing gpio.o(i.GPIOIntRegisterPin), (30 bytes).
    Removing gpio.o(i.GPIOIntStatus), (14 bytes).
    Removing gpio.o(i.GPIOIntTypeGet), (68 bytes).
    Removing gpio.o(i.GPIOIntTypeSet), (80 bytes).
    Removing gpio.o(i.GPIOIntUnregister), (22 bytes).
    Removing gpio.o(i.GPIOIntUnregisterPin), (26 bytes).
    Removing gpio.o(i.GPIOPadConfigGet), (204 bytes).
    Removing gpio.o(i.GPIOPinTypeADC), (28 bytes).
    Removing gpio.o(i.GPIOPinTypeComparator), (28 bytes).
    Removing gpio.o(i.GPIOPinTypeComparatorOutput), (28 bytes).
    Removing gpio.o(i.GPIOPinTypeDIVSCLK), (28 bytes).
    Removing gpio.o(i.GPIOPinTypeEPI), (28 bytes).
    Removing gpio.o(i.GPIOPinTypeEthernetLED), (28 bytes).
    Removing gpio.o(i.GPIOPinTypeEthernetMII), (28 bytes).
    Removing gpio.o(i.GPIOPinTypeGPIOOutputOD), (28 bytes).
    Removing gpio.o(i.GPIOPinTypeHibernateRTCCLK), (28 bytes).
    Removing gpio.o(i.GPIOPinTypeI2C), (28 bytes).
    Removing gpio.o(i.GPIOPinTypeI2CSCL), (28 bytes).
    Removing gpio.o(i.GPIOPinTypeLCD), (28 bytes).
    Removing gpio.o(i.GPIOPinTypeOneWire), (28 bytes).
    Removing gpio.o(i.GPIOPinTypePWM), (28 bytes).
    Removing gpio.o(i.GPIOPinTypeQEI), (28 bytes).
    Removing gpio.o(i.GPIOPinTypeSSI), (28 bytes).
    Removing gpio.o(i.GPIOPinTypeTimer), (28 bytes).
    Removing gpio.o(i.GPIOPinTypeTrace), (28 bytes).
    Removing gpio.o(i.GPIOPinTypeUSBAnalog), (28 bytes).
    Removing gpio.o(i.GPIOPinTypeUSBDigital), (28 bytes).
    Removing gpio.o(i.GPIOPinTypeWakeHigh), (30 bytes).
    Removing gpio.o(i.GPIOPinTypeWakeLow), (30 bytes).
    Removing gpio.o(i.GPIOPinWakeStatus), (6 bytes).
    Removing gpio.o(i._GPIOIntNumberGet), (80 bytes).
    Removing interrupt.o(i.IntDisable), (100 bytes).
    Removing interrupt.o(i.IntIsEnabled), (96 bytes).
    Removing interrupt.o(i.IntMasterDisable), (14 bytes).
    Removing interrupt.o(i.IntPendClear), (68 bytes).
    Removing interrupt.o(i.IntPendSet), (84 bytes).
    Removing interrupt.o(i.IntPriorityGet), (28 bytes).
    Removing interrupt.o(i.IntPriorityGroupingGet), (36 bytes).
    Removing interrupt.o(i.IntPriorityGroupingSet), (28 bytes).
    Removing interrupt.o(i.IntPriorityMaskGet), (4 bytes).
    Removing interrupt.o(i.IntPriorityMaskSet), (4 bytes).
    Removing interrupt.o(i.IntPrioritySet), (40 bytes).
    Removing interrupt.o(i.IntRegister), (52 bytes).
    Removing interrupt.o(i.IntTrigger), (12 bytes).
    Removing interrupt.o(i.IntUnregister), (20 bytes).
    Removing interrupt.o(i._IntDefaultHandler), (2 bytes).
    Removing interrupt.o(vtable), (620 bytes).
    Removing sysctl.o(.emb_text), (6 bytes).
    Removing sysctl.o(i.SysCtlAltClkConfig), (12 bytes).
    Removing sysctl.o(i.SysCtlClockFreqSet), (740 bytes).
    Removing sysctl.o(i.SysCtlClockOutConfig), (20 bytes).
    Removing sysctl.o(i.SysCtlClockSet), (288 bytes).
    Removing sysctl.o(i.SysCtlDeepSleep), (32 bytes).
    Removing sysctl.o(i.SysCtlDeepSleepClockConfigSet), (112 bytes).
    Removing sysctl.o(i.SysCtlDeepSleepClockSet), (12 bytes).
    Removing sysctl.o(i.SysCtlDeepSleepPowerSet), (12 bytes).
    Removing sysctl.o(i.SysCtlFlashSectorSizeGet), (56 bytes).
    Removing sysctl.o(i.SysCtlFlashSizeGet), (56 bytes).
    Removing sysctl.o(i.SysCtlGPIOAHBDisable), (28 bytes).
    Removing sysctl.o(i.SysCtlGPIOAHBEnable), (24 bytes).
    Removing sysctl.o(i.SysCtlIntClear), (12 bytes).
    Removing sysctl.o(i.SysCtlIntDisable), (16 bytes).
    Removing sysctl.o(i.SysCtlIntEnable), (16 bytes).
    Removing sysctl.o(i.SysCtlIntRegister), (20 bytes).
    Removing sysctl.o(i.SysCtlIntStatus), (16 bytes).
    Removing sysctl.o(i.SysCtlIntUnregister), (18 bytes).
    Removing sysctl.o(i.SysCtlLDODeepSleepGet), (12 bytes).
    Removing sysctl.o(i.SysCtlLDODeepSleepSet), (12 bytes).
    Removing sysctl.o(i.SysCtlLDOSleepGet), (12 bytes).
    Removing sysctl.o(i.SysCtlLDOSleepSet), (12 bytes).
    Removing sysctl.o(i.SysCtlMOSCConfigSet), (12 bytes).
    Removing sysctl.o(i.SysCtlNMIClear), (16 bytes).
    Removing sysctl.o(i.SysCtlNMIStatus), (12 bytes).
    Removing sysctl.o(i.SysCtlPIOSCCalibrate), (76 bytes).
    Removing sysctl.o(i.SysCtlPWMClockGet), (24 bytes).
    Removing sysctl.o(i.SysCtlPWMClockSet), (20 bytes).
    Removing sysctl.o(i.SysCtlPeripheralClockGating), (68 bytes).
    Removing sysctl.o(i.SysCtlPeripheralDeepSleepDisable), (40 bytes).
    Removing sysctl.o(i.SysCtlPeripheralDeepSleepEnable), (40 bytes).
    Removing sysctl.o(i.SysCtlPeripheralDisable), (40 bytes).
    Removing sysctl.o(i.SysCtlPeripheralPowerOff), (40 bytes).
    Removing sysctl.o(i.SysCtlPeripheralPowerOn), (40 bytes).
    Removing sysctl.o(i.SysCtlPeripheralPresent), (44 bytes).
    Removing sysctl.o(i.SysCtlPeripheralReady), (44 bytes).
    Removing sysctl.o(i.SysCtlPeripheralSleepDisable), (40 bytes).
    Removing sysctl.o(i.SysCtlPeripheralSleepEnable), (40 bytes).
    Removing sysctl.o(i.SysCtlReset), (16 bytes).
    Removing sysctl.o(i.SysCtlResetBehaviorGet), (12 bytes).
    Removing sysctl.o(i.SysCtlResetBehaviorSet), (12 bytes).
    Removing sysctl.o(i.SysCtlResetCauseClear), (16 bytes).
    Removing sysctl.o(i.SysCtlResetCauseGet), (12 bytes).
    Removing sysctl.o(i.SysCtlSRAMSizeGet), (16 bytes).
    Removing sysctl.o(i.SysCtlSleep), (4 bytes).
    Removing sysctl.o(i.SysCtlSleepPowerSet), (12 bytes).
    Removing sysctl.o(i.SysCtlUSBPLLDisable), (16 bytes).
    Removing sysctl.o(i.SysCtlUSBPLLEnable), (16 bytes).
    Removing sysctl.o(i.SysCtlVCOGet), (120 bytes).
    Removing sysctl.o(i.SysCtlVoltageEventClear), (16 bytes).
    Removing sysctl.o(i.SysCtlVoltageEventConfig), (12 bytes).
    Removing sysctl.o(i.SysCtlVoltageEventStatus), (12 bytes).
    Removing systick.o(i.SysTickDisable), (14 bytes).
    Removing systick.o(i.SysTickIntDisable), (14 bytes).
    Removing systick.o(i.SysTickIntRegister), (24 bytes).
    Removing systick.o(i.SysTickIntUnregister), (18 bytes).
    Removing systick.o(i.SysTickPeriodGet), (10 bytes).
    Removing systick.o(i.SysTickValueGet), (8 bytes).
    Removing uart.o(i.UART9BitAddrSend), (38 bytes).
    Removing uart.o(i.UART9BitAddrSet), (10 bytes).
    Removing uart.o(i.UART9BitDisable), (14 bytes).
    Removing uart.o(i.UART9BitEnable), (14 bytes).
    Removing uart.o(i.UARTBreakCtl), (18 bytes).
    Removing uart.o(i.UARTBusy), (8 bytes).
    Removing uart.o(i.UARTCharGet), (12 bytes).
    Removing uart.o(i.UARTCharPut), (12 bytes).
    Removing uart.o(i.UARTClockSourceGet), (6 bytes).
    Removing uart.o(i.UARTClockSourceSet), (6 bytes).
    Removing uart.o(i.UARTConfigGetExpClk), (46 bytes).
    Removing uart.o(i.UARTDMADisable), (10 bytes).
    Removing uart.o(i.UARTDMAEnable), (8 bytes).
    Removing uart.o(i.UARTDisable), (30 bytes).
    Removing uart.o(i.UARTDisableSIR), (10 bytes).
    Removing uart.o(i.UARTEnableSIR), (18 bytes).
    Removing uart.o(i.UARTFIFODisable), (10 bytes).
    Removing uart.o(i.UARTFIFOEnable), (10 bytes).
    Removing uart.o(i.UARTFIFOLevelGet), (16 bytes).
    Removing uart.o(i.UARTFlowControlGet), (8 bytes).
    Removing uart.o(i.UARTFlowControlSet), (12 bytes).
    Removing uart.o(i.UARTIntDisable), (10 bytes).
    Removing uart.o(i.UARTIntRegister), (88 bytes).
    Removing uart.o(i.UARTIntUnregister), (88 bytes).
    Removing uart.o(i.UARTLoopbackEnable), (10 bytes).
    Removing uart.o(i.UARTModemControlClear), (14 bytes).
    Removing uart.o(i.UARTModemControlGet), (8 bytes).
    Removing uart.o(i.UARTModemControlSet), (12 bytes).
    Removing uart.o(i.UARTModemStatusGet), (10 bytes).
    Removing uart.o(i.UARTParityModeGet), (8 bytes).
    Removing uart.o(i.UARTParityModeSet), (12 bytes).
    Removing uart.o(i.UARTRxErrorClear), (6 bytes).
    Removing uart.o(i.UARTRxErrorGet), (8 bytes).
    Removing uart.o(i.UARTSmartCardDisable), (10 bytes).
    Removing uart.o(i.UARTSmartCardEnable), (22 bytes).
    Removing uart.o(i.UARTSpaceAvail), (10 bytes).
    Removing uart.o(i.UARTTxIntModeGet), (8 bytes).
    Removing uart.o(i.UARTTxIntModeSet), (12 bytes).
    Removing uart.o(.constdata), (128 bytes).

169 unused section(s) (total 6348 bytes) removed from the image.

==============================================================================

Image Symbol Table

    Local Symbols

    Symbol Name                              Value     Ov Type        Size  Object(Section)

    RESET                                    0x00000000   Section      648  startup_rvmdk.o(RESET)
    ../clib/microlib/init/entry.s            0x00000000   Number         0  entry10a.o ABSOLUTE
    ../clib/microlib/init/entry.s            0x00000000   Number         0  entry11b.o ABSOLUTE
    ../clib/microlib/init/entry.s            0x00000000   Number         0  entry.o ABSOLUTE
    ../clib/microlib/init/entry.s            0x00000000   Number         0  entry11a.o ABSOLUTE
    ../clib/microlib/init/entry.s            0x00000000   Number         0  entry10b.o ABSOLUTE
    ../clib/microlib/init/entry.s            0x00000000   Number         0  entry2.o ABSOLUTE
    ../clib/microlib/init/entry.s            0x00000000   Number         0  entry9b.o ABSOLUTE
    ../clib/microlib/init/entry.s            0x00000000   Number         0  entry9a.o ABSOLUTE
    ../clib/microlib/init/entry.s            0x00000000   Number         0  entry8a.o ABSOLUTE
    ../clib/microlib/init/entry.s            0x00000000   Number         0  entry7b.o ABSOLUTE
    ../clib/microlib/init/entry.s            0x00000000   Number         0  entry7a.o ABSOLUTE
    ../clib/microlib/init/entry.s            0x00000000   Number         0  entry5.o ABSOLUTE
    ../clib/microlib/init/entry.s            0x00000000   Number         0  entry8b.o ABSOLUTE
    can.c                                    0x00000000   Number         0  can.o ABSOLUTE
    can.c                                    0x00000000   Number         0  can.o ABSOLUTE
    cpu.c                                    0x00000000   Number         0  cpu.o ABSOLUTE
    cpu.c                                    0x00000000   Number         0  cpu.o ABSOLUTE
    dc.s                                     0x00000000   Number         0  dc.o ABSOLUTE
    function.c                               0x00000000   Number         0  function.o ABSOLUTE
    gpio.c                                   0x00000000   Number         0  gpio.o ABSOLUTE
    handlers.s                               0x00000000   Number         0  handlers.o ABSOLUTE
    init.s                                   0x00000000   Number         0  init.o ABSOLUTE
    interrupt.c                              0x00000000   Number         0  interrupt.o ABSOLUTE
    main.c                                   0x00000000   Number         0  main.o ABSOLUTE
    startup_rvmdk.S                          0x00000000   Number         0  startup_rvmdk.o ABSOLUTE
    sysclock.c                               0x00000000   Number         0  sysclock.o ABSOLUTE
    sysctl.c                                 0x00000000   Number         0  sysctl.o ABSOLUTE
    sysctl.c                                 0x00000000   Number         0  sysctl.o ABSOLUTE
    systick.c                                0x00000000   Number         0  systick.o ABSOLUTE
    uart.c                                   0x00000000   Number         0  uart.o ABSOLUTE
    uart4.c                                  0x00000000   Number         0  uart4.o ABSOLUTE
    $v0                                      0x0000026c   Number         0  startup_rvmdk.o(RESET)
    NmiSR                                    0x00000281   Thumb Code     0  startup_rvmdk.o(RESET)
    FaultISR                                 0x00000283   Thumb Code     0  startup_rvmdk.o(RESET)
    IntDefaultHandler                        0x00000285   Thumb Code     0  startup_rvmdk.o(RESET)
    .ARM.Collect$$$$00000000                 0x00000288   Section        0  entry.o(.ARM.Collect$$$$00000000)
    .ARM.Collect$$$$00000001                 0x00000288   Section        4  entry2.o(.ARM.Collect$$$$00000001)
    .ARM.Collect$$$$00000004                 0x0000028c   Section        4  entry5.o(.ARM.Collect$$$$00000004)
    .ARM.Collect$$$$00000008                 0x00000290   Section        0  entry7b.o(.ARM.Collect$$$$00000008)
    .ARM.Collect$$$$0000000A                 0x00000290   Section        0  entry8b.o(.ARM.Collect$$$$0000000A)
    .ARM.Collect$$$$0000000B                 0x00000290   Section        8  entry9a.o(.ARM.Collect$$$$0000000B)
    .ARM.Collect$$$$0000000D                 0x00000298   Section        0  entry10a.o(.ARM.Collect$$$$0000000D)
    .ARM.Collect$$$$0000000F                 0x00000298   Section        0  entry11a.o(.ARM.Collect$$$$0000000F)
    .ARM.Collect$$$$00002712                 0x00000298   Section        4  entry2.o(.ARM.Collect$$$$00002712)
    __lit__00000000                          0x00000298   Data           4  entry2.o(.ARM.Collect$$$$00002712)
    .emb_text                                0x0000029c   Section       38  cpu.o(.emb_text)
    $v0                                      0x0000029c   Number         0  cpu.o(.emb_text)
    .text                                    0x000002c4   Section       36  init.o(.text)
    i.CANBitRateSet                          0x000002e8   Section        0  can.o(i.CANBitRateSet)
    i.CANConfigureNetwork                    0x00000358   Section        0  can.o(i.CANConfigureNetwork)
    i.CANEnable                              0x00000398   Section        0  can.o(i.CANEnable)
    i.CANInit                                0x000003a2   Section        0  can.o(i.CANInit)
    i.CANIntClear                            0x000003e4   Section        0  can.o(i.CANIntClear)
    i.CANIntEnable                           0x0000040a   Section        0  can.o(i.CANIntEnable)
    i.CANIntStatus                           0x00000412   Section        0  can.o(i.CANIntStatus)
    i.CANMessageGet                          0x00000432   Section        0  can.o(i.CANMessageGet)
    i.CANMessageSet                          0x000005ac   Section        0  can.o(i.CANMessageSet)
    i.CANStatusGet                           0x00000712   Section        0  can.o(i.CANStatusGet)
    i.GPIODirModeSet                         0x00000756   Section        0  gpio.o(i.GPIODirModeSet)
    i.GPIOPadConfigSet                       0x0000077e   Section        0  gpio.o(i.GPIOPadConfigSet)
    i.GPIOPinConfigure                       0x000008b8   Section        0  gpio.o(i.GPIOPinConfigure)
    i.GPIOPinRead                            0x000008fc   Section        0  gpio.o(i.GPIOPinRead)
    i.GPIOPinTypeCAN                         0x00000902   Section        0  gpio.o(i.GPIOPinTypeCAN)
    i.GPIOPinTypeGPIOInput                   0x0000091e   Section        0  gpio.o(i.GPIOPinTypeGPIOInput)
    i.GPIOPinTypeGPIOOutput                  0x0000093a   Section        0  gpio.o(i.GPIOPinTypeGPIOOutput)
    i.GPIOPinTypeUART                        0x00000956   Section        0  gpio.o(i.GPIOPinTypeUART)
    i.GPIOPinWrite                           0x00000972   Section        0  gpio.o(i.GPIOPinWrite)
    i.IntEnable                              0x00000978   Section        0  interrupt.o(i.IntEnable)
    i.IntMasterEnable                        0x000009dc   Section        0  interrupt.o(i.IntMasterEnable)
    i.SysCtlClockGet                         0x000009ec   Section        0  sysctl.o(i.SysCtlClockGet)
    i.SysCtlPeripheralEnable                 0x00000b40   Section        0  sysctl.o(i.SysCtlPeripheralEnable)
    i.SysCtlPeripheralReset                  0x00000b68   Section        0  sysctl.o(i.SysCtlPeripheralReset)
    i.SysTickEnable                          0x00000ba4   Section        0  systick.o(i.SysTickEnable)
    i.SysTickIntEnable                       0x00000bb2   Section        0  systick.o(i.SysTickIntEnable)
    i.SysTickPeriodSet                       0x00000bc0   Section        0  systick.o(i.SysTickPeriodSet)
    i.UARTCharGetNonBlocking                 0x00000bca   Section        0  uart.o(i.UARTCharGetNonBlocking)
    i.UARTCharPutNonBlocking                 0x00000bda   Section        0  uart.o(i.UARTCharPutNonBlocking)
    i.UARTCharsAvail                         0x00000bea   Section        0  uart.o(i.UARTCharsAvail)
    i.UARTConfigSetExpClk                    0x00000bf4   Section        0  uart.o(i.UARTConfigSetExpClk)
    i.UARTEnable                             0x00000c62   Section        0  uart.o(i.UARTEnable)
    i.UARTFIFOLevelSet                       0x00000c76   Section        0  uart.o(i.UARTFIFOLevelSet)
    i.UARTIntClear                           0x00000c7c   Section        0  uart.o(i.UARTIntClear)
    i.UARTIntEnable                          0x00000c80   Section        0  uart.o(i.UARTIntEnable)
    i.UARTIntStatus                          0x00000c88   Section        0  uart.o(i.UARTIntStatus)
    i.__scatterload_copy                     0x00000c92   Section       14  handlers.o(i.__scatterload_copy)
    i.__scatterload_null                     0x00000ca0   Section        2  handlers.o(i.__scatterload_null)
    i.__scatterload_zeroinit                 0x00000ca2   Section       14  handlers.o(i.__scatterload_zeroinit)
    i.main                                   0x00000cb0   Section        0  main.o(i.main)
    i.vCAN1Handler                           0x00000cc4   Section        0  can.o(i.vCAN1Handler)
    i.vCANConfig                             0x00000d10   Section        0  can.o(i.vCANConfig)
    i.vCANSend                               0x00000de4   Section        0  can.o(i.vCANSend)
    i.vHardwareConfig                        0x00000e08   Section        0  main.o(i.vHardwareConfig)
    i.vInput                                 0x00000f48   Section        0  function.o(i.vInput)
    i.vOutput                                0x00000fb8   Section        0  function.o(i.vOutput)
    i.vPoll                                  0x0000117c   Section        0  function.o(i.vPoll)
    i.vSysTickConfig                         0x00001214   Section        0  sysclock.o(i.vSysTickConfig)
    i.vSysTickHandler                        0x00001226   Section        0  sysclock.o(i.vSysTickHandler)
    i.vSysTickTimerExpired                   0x0000122c   Section        0  function.o(i.vSysTickTimerExpired)
    i.vUART4Config                           0x0000125c   Section        0  uart4.o(i.vUART4Config)
    i.vUART4Handler                          0x00001300   Section        0  uart4.o(i.vUART4Handler)
    i.vUART4Send                             0x000013d4   Section        0  uart4.o(i.vUART4Send)
    i.vWDTHandler                            0x00001434   Section        0  main.o(i.vWDTHandler)
    .constdata                               0x00001436   Section       32  can.o(.constdata)
    g_ui16CANBitValues                       0x00001436   Data          32  can.o(.constdata)
    .constdata                               0x00001458   Section      552  gpio.o(.constdata)
    g_ppui32GPIOIntMapBlizzard               0x00001458   Data         192  gpio.o(.constdata)
    g_ppui32GPIOIntMapSnowflake              0x00001518   Data         216  gpio.o(.constdata)
    g_pui32GPIOBaseAddrs                     0x000015f0   Data         144  gpio.o(.constdata)
    .constdata                               0x00001680   Section      268  interrupt.o(.constdata)
    g_pui32Priority                          0x00001680   Data          32  interrupt.o(.constdata)
    g_pui32Regs                              0x000016a0   Data         156  interrupt.o(.constdata)
    g_pui32EnRegs                            0x0000173c   Data          20  interrupt.o(.constdata)
    g_pui32Dii16Regs                         0x00001750   Data          20  interrupt.o(.constdata)
    g_pui32PendRegs                          0x00001764   Data          20  interrupt.o(.constdata)
    g_pui32UnpendRegs                        0x00001778   Data          20  interrupt.o(.constdata)
    .constdata                               0x0000178c   Section      596  sysctl.o(.constdata)
    g_pui32VCOFrequencies                    0x0000178c   Data           8  sysctl.o(.constdata)
    g_pui32Xtals                             0x00001794   Data         108  sysctl.o(.constdata)
    g_pppui32XTALtoVCO                       0x00001800   Data         432  sysctl.o(.constdata)
    g_sXTALtoMEMTIM                          0x000019b0   Data          48  sysctl.o(.constdata)
    .data                                    0x20000000   Section       17  can.o(.data)
    .data                                    0x20000014   Section       32  function.o(.data)
    .data                                    0x20000034   Section        1  main.o(.data)
    .data                                    0x20000035   Section        8  uart4.o(.data)
    ucUART4CounterTx                         0x2000003a   Data           1  uart4.o(.data)
    ucUART4RdIndexTx                         0x2000003b   Data           1  uart4.o(.data)
    .bss                                     0x20000040   Section       40  can.o(.bss)
    .bss                                     0x20000068   Section       16  function.o(.bss)
    .bss                                     0x20000078   Section      510  uart4.o(.bss)
    STACK                                    0x20000278   Section     1024  startup_rvmdk.o(STACK)
    StackMem                                 0x20000278   Data           0  startup_rvmdk.o(STACK)

    Global Symbols

    Symbol Name                              Value     Ov Type        Size  Object(Section)

    BuildAttributes$$THM_ISAv4$E$P$D$K$B$S$7EM$VFPi3$EXTD16$VFPS$VFMA$PE$A:L22UL41UL21$X:L11$S22US41US21$IEEE1$IW$USESV6$~STKCKD$USESV7$~SHL$OTIME$EBA8$MICROLIB$REQ8$PRES8$EABIv2 0x00000000   Number         0  anon$$obj.o ABSOLUTE
    __ARM_use_no_argv                        0x00000000   Number         0  main.o ABSOLUTE
    __Vectors                                0x00000000   Data           0  startup_rvmdk.o(RESET)
    __cpp_initialize__aeabi_                  - Undefined Weak Reference
    __cxa_finalize                            - Undefined Weak Reference
    __decompress                              - Undefined Weak Reference
    _clock_init                               - Undefined Weak Reference
    _microlib_exit                            - Undefined Weak Reference
    Reset_Handler                            0x0000026d   Thumb Code     0  startup_rvmdk.o(RESET)
    __main                                   0x00000289   Thumb Code     0  entry.o(.ARM.Collect$$$$00000000)
    _main_stk                                0x00000289   Thumb Code     0  entry2.o(.ARM.Collect$$$$00000001)
    _main_scatterload                        0x0000028d   Thumb Code     0  entry5.o(.ARM.Collect$$$$00000004)
    __main_after_scatterload                 0x00000291   Thumb Code     0  entry5.o(.ARM.Collect$$$$00000004)
    _main_clock                              0x00000291   Thumb Code     0  entry7b.o(.ARM.Collect$$$$00000008)
    _main_cpp_init                           0x00000291   Thumb Code     0  entry8b.o(.ARM.Collect$$$$0000000A)
    _main_init                               0x00000291   Thumb Code     0  entry9a.o(.ARM.Collect$$$$0000000B)
    __rt_final_cpp                           0x00000299   Thumb Code     0  entry10a.o(.ARM.Collect$$$$0000000D)
    __rt_final_exit                          0x00000299   Thumb Code     0  entry11a.o(.ARM.Collect$$$$0000000F)
    CPUcpsid                                 0x0000029d   Thumb Code     8  cpu.o(.emb_text)
    CPUprimask                               0x000002a5   Thumb Code     6  cpu.o(.emb_text)
    CPUcpsie                                 0x000002ab   Thumb Code     8  cpu.o(.emb_text)
    CPUwfi                                   0x000002b3   Thumb Code     4  cpu.o(.emb_text)
    CPUbasepriSet                            0x000002b7   Thumb Code     6  cpu.o(.emb_text)
    CPUbasepriGet                            0x000002bd   Thumb Code     6  cpu.o(.emb_text)
    __scatterload                            0x000002c5   Thumb Code    28  init.o(.text)
    __scatterload_rt2                        0x000002c5   Thumb Code     0  init.o(.text)
    CANBitRateSet                            0x000002e9   Thumb Code   108  can.o(i.CANBitRateSet)
    CANConfigureNetwork                      0x00000359   Thumb Code    52  can.o(i.CANConfigureNetwork)
    CANEnable                                0x00000399   Thumb Code    10  can.o(i.CANEnable)
    CANInit                                  0x000003a3   Thumb Code    66  can.o(i.CANInit)
    CANIntClear                              0x000003e5   Thumb Code    38  can.o(i.CANIntClear)
    CANIntEnable                             0x0000040b   Thumb Code     8  can.o(i.CANIntEnable)
    CANIntStatus                             0x00000413   Thumb Code    32  can.o(i.CANIntStatus)
    CANMessageGet                            0x00000433   Thumb Code   378  can.o(i.CANMessageGet)
    CANMessageSet                            0x000005ad   Thumb Code   358  can.o(i.CANMessageSet)
    CANStatusGet                             0x00000713   Thumb Code    68  can.o(i.CANStatusGet)
    GPIODirModeSet                           0x00000757   Thumb Code    40  gpio.o(i.GPIODirModeSet)
    GPIOPadConfigSet                         0x0000077f   Thumb Code   312  gpio.o(i.GPIOPadConfigSet)
    GPIOPinConfigure                         0x000008b9   Thumb Code    60  gpio.o(i.GPIOPinConfigure)
    GPIOPinRead                              0x000008fd   Thumb Code     6  gpio.o(i.GPIOPinRead)
    GPIOPinTypeCAN                           0x00000903   Thumb Code    28  gpio.o(i.GPIOPinTypeCAN)
    GPIOPinTypeGPIOInput                     0x0000091f   Thumb Code    28  gpio.o(i.GPIOPinTypeGPIOInput)
    GPIOPinTypeGPIOOutput                    0x0000093b   Thumb Code    28  gpio.o(i.GPIOPinTypeGPIOOutput)
    GPIOPinTypeUART                          0x00000957   Thumb Code    28  gpio.o(i.GPIOPinTypeUART)
    GPIOPinWrite                             0x00000973   Thumb Code     6  gpio.o(i.GPIOPinWrite)
    IntEnable                                0x00000979   Thumb Code    92  interrupt.o(i.IntEnable)
    IntMasterEnable                          0x000009dd   Thumb Code    14  interrupt.o(i.IntMasterEnable)
    SysCtlClockGet                           0x000009ed   Thumb Code   304  sysctl.o(i.SysCtlClockGet)
    SysCtlPeripheralEnable                   0x00000b41   Thumb Code    36  sysctl.o(i.SysCtlPeripheralEnable)
    SysCtlPeripheralReset                    0x00000b69   Thumb Code    56  sysctl.o(i.SysCtlPeripheralReset)
    SysTickEnable                            0x00000ba5   Thumb Code    14  systick.o(i.SysTickEnable)
    SysTickIntEnable                         0x00000bb3   Thumb Code    14  systick.o(i.SysTickIntEnable)
    SysTickPeriodSet                         0x00000bc1   Thumb Code    10  systick.o(i.SysTickPeriodSet)
    UARTCharGetNonBlocking                   0x00000bcb   Thumb Code    16  uart.o(i.UARTCharGetNonBlocking)
    UARTCharPutNonBlocking                   0x00000bdb   Thumb Code    16  uart.o(i.UARTCharPutNonBlocking)
    UARTCharsAvail                           0x00000beb   Thumb Code    10  uart.o(i.UARTCharsAvail)
    UARTConfigSetExpClk                      0x00000bf5   Thumb Code   110  uart.o(i.UARTConfigSetExpClk)
    UARTEnable                               0x00000c63   Thumb Code    20  uart.o(i.UARTEnable)
    UARTFIFOLevelSet                         0x00000c77   Thumb Code     6  uart.o(i.UARTFIFOLevelSet)
    UARTIntClear                             0x00000c7d   Thumb Code     4  uart.o(i.UARTIntClear)
    UARTIntEnable                            0x00000c81   Thumb Code     8  uart.o(i.UARTIntEnable)
    UARTIntStatus                            0x00000c89   Thumb Code    10  uart.o(i.UARTIntStatus)
    __scatterload_copy                       0x00000c93   Thumb Code    14  handlers.o(i.__scatterload_copy)
    __scatterload_null                       0x00000ca1   Thumb Code     2  handlers.o(i.__scatterload_null)
    __scatterload_zeroinit                   0x00000ca3   Thumb Code    14  handlers.o(i.__scatterload_zeroinit)
    main                                     0x00000cb1   Thumb Code    16  main.o(i.main)
    vCAN1Handler                             0x00000cc5   Thumb Code    62  can.o(i.vCAN1Handler)
    vCANConfig                               0x00000d11   Thumb Code   174  can.o(i.vCANConfig)
    vCANSend                                 0x00000de5   Thumb Code    20  can.o(i.vCANSend)
    vHardwareConfig                          0x00000e09   Thumb Code   266  main.o(i.vHardwareConfig)
    vInput                                   0x00000f49   Thumb Code    96  function.o(i.vInput)
    vOutput                                  0x00000fb9   Thumb Code   430  function.o(i.vOutput)
    vPoll                                    0x0000117d   Thumb Code   132  function.o(i.vPoll)
    vSysTickConfig                           0x00001215   Thumb Code    18  sysclock.o(i.vSysTickConfig)
    vSysTickHandler                          0x00001227   Thumb Code     4  sysclock.o(i.vSysTickHandler)
    vSysTickTimerExpired                     0x0000122d   Thumb Code    42  function.o(i.vSysTickTimerExpired)
    vUART4Config                             0x0000125d   Thumb Code   130  uart4.o(i.vUART4Config)
    vUART4Handler                            0x00001301   Thumb Code   198  uart4.o(i.vUART4Handler)
    vUART4Send                               0x000013d5   Thumb Code    80  uart4.o(i.vUART4Send)
    vWDTHandler                              0x00001435   Thumb Code     2  main.o(i.vWDTHandler)
    Region$$Table$$Base                      0x000019e0   Number         0  anon$$obj.o(Region$$Table)
    Region$$Table$$Limit                     0x00001a00   Number         0  anon$$obj.o(Region$$Table)
    ucCANBusoff                              0x20000000   Data           1  can.o(.data)
    ucCAN0InSCE                              0x20000001   Data           8  can.o(.data)
    ucCAN1InSCE                              0x20000009   Data           8  can.o(.data)
    ucSampleIndex                            0x20000014   Data           1  function.o(.data)
    ucOVOut                                  0x20000015   Data           1  function.o(.data)
    uc_ledrunStatus                          0x20000016   Data           1  function.o(.data)
    ulInport                                 0x20000018   Data           4  function.o(.data)
    ulPreInp                                 0x2000001c   Data           4  function.o(.data)
    ulOutport                                0x20000020   Data           4  function.o(.data)
    ulTimerCAN0Tx                            0x20000024   Data           4  function.o(.data)
    ulTimerInport                            0x20000028   Data           4  function.o(.data)
    ulTimer_buzzer                           0x2000002c   Data           4  function.o(.data)
    ulTimer_ledrun                           0x20000030   Data           4  function.o(.data)
    ucWDT                                    0x20000034   Data           1  main.o(.data)
    ucUART4DelayTx                           0x20000035   Data           1  uart4.o(.data)
    ucUART4DelayRx                           0x20000036   Data           1  uart4.o(.data)
    ucUART4DelaySendRequest                  0x20000037   Data           1  uart4.o(.data)
    ucUART4CounterRx                         0x20000038   Data           1  uart4.o(.data)
    eUART4StateRx                            0x20000039   Data           1  uart4.o(.data)
    ucUART4IntervalTx                        0x2000003c   Data           1  uart4.o(.data)
    xMsgObject0InSCE                         0x20000040   Data          20  can.o(.bss)
    xMsgObject1InSCE                         0x20000054   Data          20  can.o(.bss)
    ulSample                                 0x20000068   Data          16  function.o(.bss)
    ucUART4FrameTx                           0x20000078   Data         255  uart4.o(.bss)
    ucUART4BufferRx                          0x20000177   Data         255  uart4.o(.bss)
    __initial_sp                             0x20000678   Data           0  startup_rvmdk.o(STACK)



==============================================================================

Memory Map of the image

  Image Entry point : 0x00000289

  Load Region LR_IROM1 (Base: 0x00000000, Size: 0x00001a40, Max: 0x00020000, ABSOLUTE)

    Execution Region ER_IROM1 (Base: 0x00000000, Size: 0x00001a00, Max: 0x00020000, ABSOLUTE)

    Base Addr    Size         Type   Attr      Idx    E Section Name        Object

    0x00000000   0x00000288   Code   RO          196    RESET               startup_rvmdk.o
    0x00000288   0x00000000   Code   RO         1532  * .ARM.Collect$$$$00000000  mc_w.l(entry.o)
    0x00000288   0x00000004   Code   RO         1535    .ARM.Collect$$$$00000001  mc_w.l(entry2.o)
    0x0000028c   0x00000004   Code   RO         1538    .ARM.Collect$$$$00000004  mc_w.l(entry5.o)
    0x00000290   0x00000000   Code   RO         1540    .ARM.Collect$$$$00000008  mc_w.l(entry7b.o)
    0x00000290   0x00000000   Code   RO         1542    .ARM.Collect$$$$0000000A  mc_w.l(entry8b.o)
    0x00000290   0x00000008   Code   RO         1543    .ARM.Collect$$$$0000000B  mc_w.l(entry9a.o)
    0x00000298   0x00000000   Code   RO         1545    .ARM.Collect$$$$0000000D  mc_w.l(entry10a.o)
    0x00000298   0x00000000   Code   RO         1547    .ARM.Collect$$$$0000000F  mc_w.l(entry11a.o)
    0x00000298   0x00000004   Code   RO         1536    .ARM.Collect$$$$00002712  mc_w.l(entry2.o)
    0x0000029c   0x00000026   Code   RO         1522    .emb_text           driverlib.lib(cpu.o)
    0x000002c2   0x00000002   PAD
    0x000002c4   0x00000024   Code   RO         1549    .text               mc_w.l(init.o)
    0x000002e8   0x00000070   Code   RO          241    i.CANBitRateSet     driverlib.lib(can.o)
    0x00000358   0x00000040   Code   RO            1    i.CANConfigureNetwork  can.o
    0x00000398   0x0000000a   Code   RO          245    i.CANEnable         driverlib.lib(can.o)
    0x000003a2   0x00000042   Code   RO          247    i.CANInit           driverlib.lib(can.o)
    0x000003e4   0x00000026   Code   RO          248    i.CANIntClear       driverlib.lib(can.o)
    0x0000040a   0x00000008   Code   RO          250    i.CANIntEnable      driverlib.lib(can.o)
    0x00000412   0x00000020   Code   RO          252    i.CANIntStatus      driverlib.lib(can.o)
    0x00000432   0x0000017a   Code   RO          255    i.CANMessageGet     driverlib.lib(can.o)
    0x000005ac   0x00000166   Code   RO          256    i.CANMessageSet     driverlib.lib(can.o)
    0x00000712   0x00000044   Code   RO          259    i.CANStatusGet      driverlib.lib(can.o)
    0x00000756   0x00000028   Code   RO          401    i.GPIODirModeSet    driverlib.lib(gpio.o)
    0x0000077e   0x00000138   Code   RO          413    i.GPIOPadConfigSet  driverlib.lib(gpio.o)
    0x000008b6   0x00000002   PAD
    0x000008b8   0x00000044   Code   RO          414    i.GPIOPinConfigure  driverlib.lib(gpio.o)
    0x000008fc   0x00000006   Code   RO          415    i.GPIOPinRead       driverlib.lib(gpio.o)
    0x00000902   0x0000001c   Code   RO          417    i.GPIOPinTypeCAN    driverlib.lib(gpio.o)
    0x0000091e   0x0000001c   Code   RO          424    i.GPIOPinTypeGPIOInput  driverlib.lib(gpio.o)
    0x0000093a   0x0000001c   Code   RO          425    i.GPIOPinTypeGPIOOutput  driverlib.lib(gpio.o)
    0x00000956   0x0000001c   Code   RO          437    i.GPIOPinTypeUART   driverlib.lib(gpio.o)
    0x00000972   0x00000006   Code   RO          443    i.GPIOPinWrite      driverlib.lib(gpio.o)
    0x00000978   0x00000064   Code   RO          704    i.IntEnable         driverlib.lib(interrupt.o)
    0x000009dc   0x0000000e   Code   RO          707    i.IntMasterEnable   driverlib.lib(interrupt.o)
    0x000009ea   0x00000002   PAD
    0x000009ec   0x00000154   Code   RO          819    i.SysCtlClockGet    driverlib.lib(sysctl.o)
    0x00000b40   0x00000028   Code   RO          850    i.SysCtlPeripheralEnable  driverlib.lib(sysctl.o)
    0x00000b68   0x0000003c   Code   RO          855    i.SysCtlPeripheralReset  driverlib.lib(sysctl.o)
    0x00000ba4   0x0000000e   Code   RO         1165    i.SysTickEnable     driverlib.lib(systick.o)
    0x00000bb2   0x0000000e   Code   RO         1167    i.SysTickIntEnable  driverlib.lib(systick.o)
    0x00000bc0   0x0000000a   Code   RO         1171    i.SysTickPeriodSet  driverlib.lib(systick.o)
    0x00000bca   0x00000010   Code   RO         1234    i.UARTCharGetNonBlocking  driverlib.lib(uart.o)
    0x00000bda   0x00000010   Code   RO         1236    i.UARTCharPutNonBlocking  driverlib.lib(uart.o)
    0x00000bea   0x0000000a   Code   RO         1237    i.UARTCharsAvail    driverlib.lib(uart.o)
    0x00000bf4   0x0000006e   Code   RO         1241    i.UARTConfigSetExpClk  driverlib.lib(uart.o)
    0x00000c62   0x00000014   Code   RO         1246    i.UARTEnable        driverlib.lib(uart.o)
    0x00000c76   0x00000006   Code   RO         1251    i.UARTFIFOLevelSet  driverlib.lib(uart.o)
    0x00000c7c   0x00000004   Code   RO         1254    i.UARTIntClear      driverlib.lib(uart.o)
    0x00000c80   0x00000008   Code   RO         1256    i.UARTIntEnable     driverlib.lib(uart.o)
    0x00000c88   0x0000000a   Code   RO         1258    i.UARTIntStatus     driverlib.lib(uart.o)
    0x00000c92   0x0000000e   Code   RO         1553    i.__scatterload_copy  mc_w.l(handlers.o)
    0x00000ca0   0x00000002   Code   RO         1554    i.__scatterload_null  mc_w.l(handlers.o)
    0x00000ca2   0x0000000e   Code   RO         1555    i.__scatterload_zeroinit  mc_w.l(handlers.o)
    0x00000cb0   0x00000014   Code   RO          125    i.main              main.o
    0x00000cc4   0x0000004c   Code   RO            3    i.vCAN1Handler      can.o
    0x00000d10   0x000000d4   Code   RO            4    i.vCANConfig        can.o
    0x00000de4   0x00000024   Code   RO            5    i.vCANSend          can.o
    0x00000e08   0x00000140   Code   RO          126    i.vHardwareConfig   main.o
    0x00000f48   0x00000070   Code   RO           87    i.vInput            function.o
    0x00000fb8   0x000001c4   Code   RO           88    i.vOutput           function.o
    0x0000117c   0x00000098   Code   RO           89    i.vPoll             function.o
    0x00001214   0x00000012   Code   RO          176    i.vSysTickConfig    sysclock.o
    0x00001226   0x00000004   Code   RO          177    i.vSysTickHandler   sysclock.o
    0x0000122a   0x00000002   PAD
    0x0000122c   0x00000030   Code   RO           90    i.vSysTickTimerExpired  function.o
    0x0000125c   0x000000a4   Code   RO          201    i.vUART4Config      uart4.o
    0x00001300   0x000000d4   Code   RO          202    i.vUART4Handler     uart4.o
    0x000013d4   0x00000060   Code   RO          204    i.vUART4Send        uart4.o
    0x00001434   0x00000002   Code   RO          128    i.vWDTHandler       main.o
    0x00001436   0x00000020   Data   RO          260    .constdata          driverlib.lib(can.o)
    0x00001456   0x00000002   PAD
    0x00001458   0x00000228   Data   RO          445    .constdata          driverlib.lib(gpio.o)
    0x00001680   0x0000010c   Data   RO          720    .constdata          driverlib.lib(interrupt.o)
    0x0000178c   0x00000254   Data   RO          872    .constdata          driverlib.lib(sysctl.o)
    0x000019e0   0x00000020   Data   RO         1551    Region$$Table       anon$$obj.o


    Execution Region RW_IRAM1 (Base: 0x20000000, Size: 0x00000678, Max: 0x00008000, ABSOLUTE)

    Base Addr    Size         Type   Attr      Idx    E Section Name        Object

    0x20000000   0x00000011   Data   RW            7    .data               can.o
    0x20000011   0x00000003   PAD
    0x20000014   0x00000020   Data   RW           92    .data               function.o
    0x20000034   0x00000001   Data   RW          129    .data               main.o
    0x20000035   0x00000008   Data   RW          206    .data               uart4.o
    0x2000003d   0x00000003   PAD
    0x20000040   0x00000028   Zero   RW            6    .bss                can.o
    0x20000068   0x00000010   Zero   RW           91    .bss                function.o
    0x20000078   0x000001fe   Zero   RW          205    .bss                uart4.o
    0x20000276   0x00000002   PAD
    0x20000278   0x00000400   Zero   RW          194    STACK               startup_rvmdk.o


==============================================================================

Image component sizes


      Code (inc. data)   RO Data    RW Data    ZI Data      Debug   Object Name

       388         80          0         17         40       9616   can.o
       764         64          0         32         16       4570   function.o
       342         58          0          1          0       1831   main.o
       648        622          0          0       1024        312   startup_rvmdk.o
        22          0          0          0          0        983   sysclock.o
       472         64          0          8        510       3268   uart4.o

    ----------------------------------------------------------------------
      2638        888         32         64       1592      20580   Object Totals
         0          0         32          0          0          0   (incl. Generated)
         2          0          0          6          2          0   (incl. Padding)

    ----------------------------------------------------------------------

      Code (inc. data)   RO Data    RW Data    ZI Data      Debug   Library Member Name

      1070         10         32          0          0      12793   can.o
        38          0          0          0          0        572   cpu.o
       544          8        552          0          0       6202   gpio.o
       114          8        268          0          0       2042   interrupt.o
       440         44        596          0          0       3730   sysctl.o
        38          0          0          0          0       1410   systick.o
       200          0          0          0          0       5564   uart.o
         0          0          0          0          0          0   entry.o
         0          0          0          0          0          0   entry10a.o
         0          0          0          0          0          0   entry11a.o
         8          4          0          0          0          0   entry2.o
         4          0          0          0          0          0   entry5.o
         0          0          0          0          0          0   entry7b.o
         0          0          0          0          0          0   entry8b.o
         8          4          0          0          0          0   entry9a.o
        30          0          0          0          0          0   handlers.o
        36          8          0          0          0         68   init.o

    ----------------------------------------------------------------------
      2536         86       1450          0          0      32381   Library Totals
         6          0          2          0          0          0   (incl. Padding)

    ----------------------------------------------------------------------

      Code (inc. data)   RO Data    RW Data    ZI Data      Debug   Library Name

      2444         70       1448          0          0      32313   driverlib.lib
        86         16          0          0          0         68   mc_w.l

    ----------------------------------------------------------------------
      2536         86       1450          0          0      32381   Library Totals

    ----------------------------------------------------------------------

==============================================================================


      Code (inc. data)   RO Data    RW Data    ZI Data      Debug   

      5174        974       1482         64       1592      48665   Grand Totals
      5174        974       1482         64       1592      48665   ELF Image Totals
      5174        974       1482         64          0          0   ROM Totals

==============================================================================

    Total RO  Size (Code + RO Data)                 6656 (   6.50kB)
    Total RW  Size (RW Data + ZI Data)              1656 (   1.62kB)
    Total ROM Size (Code + RO Data + RW Data)       6720 (   6.56kB)

==============================================================================

